	TSFT: 9833440827789222417
	TSFT: 1225260500033256362
