	TSFT: 9833440827789222417
	FCS in header: ddccbbaa
