	TSFT: 9833440827789222417
	vendor NS (00-00-00:1, 4 bytes)
		ff ee dd cc
	TSFT: 1225260500033256362
