	TSFT: 9833440827789222417
	00:00:00-00|0: ff/ee/dd/cc
	TSFT: 1225260500033256362
