	flags: 10
	rate: 1.000000
	RX flags: 0000
malformed radiotap data
