	flags: 10
	rate: 1.000000
	RX flags: 0000
	vendor NS (ff-ff-ff:255, 2 bytes)
		de ad
	rate: 2.000000
